[store.steampowered.com/app/427520/Factorio/index.html]
[backblue.gif]
[fade.gif]
[index.html]
[store.steampowered.com/favicon.ico]
[store.akamai.steamstatic.com/public/shared/css/motiva_sans74f2.css]
[store.akamai.steamstatic.com/public/shared/css/shared_global02ce.css]
[store.akamai.steamstatic.com/public/shared/css/buttons1f4f.css]
[store.akamai.steamstatic.com/public/css/v6/store6257.css]
[store.akamai.steamstatic.com/public/shared/css/user_reviews153d.css]
[store.akamai.steamstatic.com/public/shared/css/store_game_shared8dc7.css]
[store.akamai.steamstatic.com/public/css/v6/gamea23e.css]
[store.akamai.steamstatic.com/public/css/v6/recommended766a.css]
[store.akamai.steamstatic.com/public/shared/css/apphubdecd.css]
[store.akamai.steamstatic.com/public/shared/css/shared_responsivec1e3.css]
[www.google-analytics.com/analytics.js]
[store.akamai.steamstatic.com/public/shared/javascript/tooltip5c4a.js]
[store.akamai.steamstatic.com/public/javascript/main02aa.js]
[store.akamai.steamstatic.com/public/shared/javascript/shared_global5cfb.js]
[store.akamai.steamstatic.com/public/shared/javascript/jquery-1.8.3.minc06c.js]
[store.akamai.steamstatic.com/public/javascript/gamehighlightplayerf815.js]
[store.akamai.steamstatic.com/public/shared/javascript/user_reviewsb12e.js]
[store.akamai.steamstatic.com/public/javascript/dynamicstore3cdb.js]
[store.akamai.steamstatic.com/public/shared/javascript/dselectce90.js]
[store.akamai.steamstatic.com/public/javascript/app_tagging318c.js]
[store.akamai.steamstatic.com/public/shared/javascript/flot-0.8/jquery.flot86f4.html]
[store.akamai.steamstatic.com/public/shared/javascript/flot-0.8/jquery.flot.resize99ae.html]
[store.akamai.steamstatic.com/public/shared/javascript/flot-0.8/jquery.flot.time5354.html]
[store.akamai.steamstatic.com/public/shared/javascript/flot-0.8/jquery.flot.selectionb512.html]
[store.akamai.steamstatic.com/public/javascript/gameba3b.js]
[store.akamai.steamstatic.com/public/shared/javascript/shared_responsive_adapter51f4.js]
[cdn.akamai.steamstatic.com/steam/apps/427520/header2385.jpg]
[store.akamai.steamstatic.com/public/shared/images/responsive/logo_valve_footer.png]
[store.akamai.steamstatic.com/public/shared/images/responsive/header_menu_hamburger.png]
[store.akamai.steamstatic.com/public/shared/images/responsive/header_logo.png]
[store.akamai.steamstatic.com/public/shared/images/header/globalheader_logo38f6.png]
[cdn.akamai.steamstatic.com/steam/apps/427520/page_bg_generated_v6b2385.jpg]
[store.akamai.steamstatic.com/public/images/blank.gif]
[cdn.akamai.steamstatic.com/steamcommunity/public/images/apps/427520/267f5a89f36ab287e600a4e7d4e73d3d11f0fd7d.jpg]
[store.akamai.steamstatic.com/public/images/game/game_highlight_image_spacer.gif]
[cdn.akamai.steamstatic.com/steam/apps/256660595/movie.293x165bce6.jpg]
[cdn.akamai.steamstatic.com/steam/apps/256660593/movie.293x165378b.jpg]
[cdn.akamai.steamstatic.com/steam/apps/427520/ss_4d2dbc665c41127ff1e08e4751dce3e396c31318.1920x10802385.jpg]
[store.steampowered.com/app/427520/Factorio/index0ab2.html]
[cdn.akamai.steamstatic.com/steam/apps/427520/ss_d139761bad849d58c06d3aa55e2fd793dd1dde48.1920x10802385.jpg]
[store.steampowered.com/app/427520/Factorio/index6795.html]
[cdn.akamai.steamstatic.com/steam/apps/427520/ss_2d959b810950c93a61c82ed2e15e586584fd4aae.1920x10802385.jpg]
[cdn.akamai.steamstatic.com/steam/apps/427520/ss_90cbfd28a001c33a24f95b72846e588d251de785.1920x10802385.jpg]
[cdn.akamai.steamstatic.com/steam/apps/427520/ss_974b69922450204cbb7456390fbf116645c0df10.1920x10802385.jpg]
[cdn.akamai.steamstatic.com/steam/apps/427520/ss_aba78b87a67fd23b07ff4d017fdbc36b7ba729c5.1920x10802385.jpg]
[cdn.akamai.steamstatic.com/steam/apps/427520/ss_3fe723fa433d79ac51cfb2aa50164a67c83bb198.1920x10802385.jpg]
[cdn.akamai.steamstatic.com/steam/apps/427520/ss_d1ab047d725056afc016340adbe49f6fbe7fa135.1920x10802385.jpg]
[cdn.akamai.steamstatic.com/steam/apps/427520/ss_fc24c0ed1f08073fe799140435e77c6412158212.1920x10802385.jpg]
[cdn.akamai.steamstatic.com/steam/apps/427520/ss_cfd63ea1beda6e422d65b634b3c84a19b86b05e2.1920x10802385.jpg]
[cdn.akamai.steamstatic.com/steam/apps/427520/ss_a45fe502e00a071c6a3eb2e513228648735b40b1.1920x10802385.jpg]
[cdn.akamai.steamstatic.com/steam/apps/427520/ss_efff71bf19bedc333030dcdd1fa3229ff4fe735f.1920x10802385.jpg]
[cdn.akamai.steamstatic.com/steam/apps/427520/ss_540ca754647d925458f599576e968478f7db5d8a.1920x10802385.jpg]
[cdn.akamai.steamstatic.com/steam/apps/427520/ss_c5f95fd2d30613a3ede388ebed9207ea7966f417.1920x10802385.jpg]
[cdn.akamai.steamstatic.com/steam/apps/427520/ss_b3e5daebfde9cb7f79afe26d7187dd79f3f57dad.1920x10802385.jpg]
[cdn.akamai.steamstatic.com/steam/apps/427520/ss_f9359be0243b83be9881279c4b4bec68f2b0fcc0.1920x10802385.jpg]
[cdn.akamai.steamstatic.com/steam/apps/427520/ss_5a51428b65f305208767906721e3637a13d8cb09.1920x10802385.jpg]
[cdn.akamai.steamstatic.com/steam/apps/427520/ss_b4ce00d14d21eabca234a6f3fd5689caeb47d006.1920x10802385.jpg]
[cdn.akamai.steamstatic.com/steam/apps/427520/ss_e4ccce7644f2b78f7d6bbbfbd9b04e8d318fc257.1920x10802385.jpg]
[cdn.akamai.steamstatic.com/steam/apps/427520/ss_9a4a3f0e2b7f69bb04696e021f2a5619761fc2e1.1920x10802385.jpg]
[cdn.akamai.steamstatic.com/steam/apps/427520/ss_c33a6dd73f2ecc5a71bece08116b64de3ab65a6a.1920x10802385.jpg]
[cdn.akamai.steamstatic.com/steam/apps/427520/ss_687bcb6508f3c73b45de25664f4ec8f21e125470.1920x10802385.jpg]
[cdn.akamai.steamstatic.com/steam/apps/256660595/movie.184x123bce6.jpg]
[cdn.akamai.steamstatic.com/steam/apps/256660593/movie.184x123378b.jpg]
[cdn.akamai.steamstatic.com/steam/apps/427520/ss_4d2dbc665c41127ff1e08e4751dce3e396c31318.116x652385.jpg]
[cdn.akamai.steamstatic.com/steam/apps/427520/ss_d139761bad849d58c06d3aa55e2fd793dd1dde48.116x652385.jpg]
[cdn.akamai.steamstatic.com/steam/apps/427520/ss_2d959b810950c93a61c82ed2e15e586584fd4aae.116x652385.jpg]
[cdn.akamai.steamstatic.com/steam/apps/427520/ss_90cbfd28a001c33a24f95b72846e588d251de785.116x652385.jpg]
[cdn.akamai.steamstatic.com/steam/apps/427520/ss_974b69922450204cbb7456390fbf116645c0df10.116x652385.jpg]
[cdn.akamai.steamstatic.com/steam/apps/427520/ss_aba78b87a67fd23b07ff4d017fdbc36b7ba729c5.116x652385.jpg]
[cdn.akamai.steamstatic.com/steam/apps/427520/ss_3fe723fa433d79ac51cfb2aa50164a67c83bb198.116x652385.jpg]
[cdn.akamai.steamstatic.com/steam/apps/427520/ss_d1ab047d725056afc016340adbe49f6fbe7fa135.116x652385.jpg]
[cdn.akamai.steamstatic.com/steam/apps/427520/ss_fc24c0ed1f08073fe799140435e77c6412158212.116x652385.jpg]
[cdn.akamai.steamstatic.com/steam/apps/427520/ss_cfd63ea1beda6e422d65b634b3c84a19b86b05e2.116x652385.jpg]
[cdn.akamai.steamstatic.com/steam/apps/427520/ss_a45fe502e00a071c6a3eb2e513228648735b40b1.116x652385.jpg]
[cdn.akamai.steamstatic.com/steam/apps/427520/ss_efff71bf19bedc333030dcdd1fa3229ff4fe735f.116x652385.jpg]
[cdn.akamai.steamstatic.com/steam/apps/427520/ss_540ca754647d925458f599576e968478f7db5d8a.116x652385.jpg]
[cdn.akamai.steamstatic.com/steam/apps/427520/ss_c5f95fd2d30613a3ede388ebed9207ea7966f417.116x652385.jpg]
[cdn.akamai.steamstatic.com/steam/apps/427520/ss_b3e5daebfde9cb7f79afe26d7187dd79f3f57dad.116x652385.jpg]
[cdn.akamai.steamstatic.com/steam/apps/427520/ss_f9359be0243b83be9881279c4b4bec68f2b0fcc0.116x652385.jpg]
[cdn.akamai.steamstatic.com/steam/apps/427520/ss_5a51428b65f305208767906721e3637a13d8cb09.116x652385.jpg]
[store.steampowered.com/app/427520/Factorio/indexca9a.html]
[cdn.akamai.steamstatic.com/steam/apps/427520/ss_b4ce00d14d21eabca234a6f3fd5689caeb47d006.116x652385.jpg]
[cdn.akamai.steamstatic.com/steam/apps/427520/ss_e4ccce7644f2b78f7d6bbbfbd9b04e8d318fc257.116x652385.jpg]
[cdn.akamai.steamstatic.com/steam/apps/427520/ss_9a4a3f0e2b7f69bb04696e021f2a5619761fc2e1.116x652385.jpg]
[cdn.akamai.steamstatic.com/steam/apps/427520/ss_c33a6dd73f2ecc5a71bece08116b64de3ab65a6a.116x652385.jpg]
[cdn.akamai.steamstatic.com/steam/apps/427520/ss_687bcb6508f3c73b45de25664f4ec8f21e125470.116x652385.jpg]
[store.akamai.steamstatic.com/public/images/v6/ico/ico_singlePlayer.png]
[store.akamai.steamstatic.com/public/images/v6/ico/ico_multiPlayer.png]
[store.akamai.steamstatic.com/public/images/v6/ico/ico_achievements.png]
[store.steampowered.com/app/427520/Factorio/index0554.html]
[store.akamai.steamstatic.com/public/images/v6/ico/ico_cloud.png]
[store.akamai.steamstatic.com/public/images/v6/ico/ico_editor.png]
[store.akamai.steamstatic.com/public/images/v6/ico/ico_bluecheck.png]
[cdn.akamai.steamstatic.com/steamcommunity/public/images/apps/427520/a80000e3e15f4f2abad7977b4d7097bab4d14766.jpg]
[cdn.akamai.steamstatic.com/steamcommunity/public/images/apps/427520/5e0195b1fdaa09a28648b14d9036850ad65f9991.jpg]
[cdn.akamai.steamstatic.com/steamcommunity/public/images/apps/427520/02b0a6a19614f27b5a036b69e11389ecb465e67c.jpg]
[store.akamai.steamstatic.com/public/images/v5/ico_external_link.gif]
[cdn.akamai.steamstatic.com/steamcommunity/public/images/clans/12002589/5073eb8857b164c7728b35f9f9eeed5d6d604399.png]
[cdn.akamai.steamstatic.com/steamcommunity/public/images/clans/12002589/f36782025b80fb6476b8ae5c822d32ce589a1e42.jpg]
[cdn.akamai.steamstatic.com/steamcommunity/public/images/clans/12002589/885a7447f42909a26781c3800910a81e4ef3beac.png]
[store.akamai.steamstatic.com/public/images/v6/app/review_alert.png]
[store.akamai.steamstatic.com/public/shared/images/ico/icon_questionmark.png]
[store.akamai.steamstatic.com/public/shared/images/ico/icon_questionmark_dark.png]
[store.akamai.steamstatic.com/public/shared/images/throbber.gif]
[store.akamai.steamstatic.com/public/images/v6/social/facebook.png]
[store.akamai.steamstatic.com/public/images/v6/social/twitter.png]
[store.akamai.steamstatic.com/public/images/v6/social/reddit.png]
[store.steampowered.com/app/427520/Factorio/index187a.html]
[store.akamai.steamstatic.com/public/images/ico/ico_rss2.gif]
[store.steampowered.com/feeds/news.xml]
[store.steampowered.com/app/427520/Factorio/indexedce.html]
[store.steampowered.com/feeds/newreleases.xml]
[store.steampowered.com/app/427520/Factorio/index48bb.html]
[store.steampowered.com/app/427520/Factorio/indexc71c.html]
[store.akamai.steamstatic.com/public/images/v6/logo_steam_footer.png]
[store.akamai.steamstatic.com/public/images/v6/logo_valve_footer.png]
[store.akamai.steamstatic.com/public/images/ico/ico_facebook.gif]
[store.steampowered.com/app/427520/Factorio/index.html]
[store.akamai.steamstatic.com/public/images/ico/ico_twitter.gif]
[store.steampowered.com/app/427520/Factorio/index4eac.html]
[store.akamai.steamstatic.com/public/shared/css/motiva_sans74f2.css]
[store.akamai.steamstatic.com/public/shared/css/shared_global02ce.css]
[store.steampowered.com/app/427520/Factorio/index037b.html]
[store.akamai.steamstatic.com/public/shared/css/buttons1f4f.css]
[store.steampowered.com/app/427520/Factorio/index4e79.html]
[store.steampowered.com/app/427520/Factorio/indexa7a9.html]
[store.akamai.steamstatic.com/public/css/v6/store6257.css]
[store.steampowered.com/app/427520/Factorio/index03c3.html]
[store.akamai.steamstatic.com/public/shared/css/user_reviews153d.css]
[store.steampowered.com/app/427520/Factorio/index3d9d.html]
[store.akamai.steamstatic.com/public/shared/css/store_game_shared8dc7.css]
[store.steampowered.com/app/427520/Factorio/index22f9.html]
[store.steampowered.com/app/427520/Factorio/index463f.html]
[store.akamai.steamstatic.com/public/css/v6/gamea23e.css]
[store.steampowered.com/app/427520/Factorio/indexa1a8.html]
[store.steampowered.com/app/427520/Factorio/index08d8.html]
[store.akamai.steamstatic.com/public/css/v6/recommended766a.css]
[store.steampowered.com/app/427520/Factorio/indexdbed.html]
[store.akamai.steamstatic.com/public/shared/css/apphubdecd.css]
[store.steampowered.com/app/427520/Factorio/indexf125.html]
[store.akamai.steamstatic.com/public/shared/css/shared_responsivec1e3.css]
[store.steampowered.com/app/427520/Factorio/indexdfac.html]
[store.akamai.steamstatic.com/public/shared/javascript/flot-0.8/jquery.flot86f4.html]
[store.steampowered.com/app/427520/Factorio/index7a60.html]
[store.akamai.steamstatic.com/public/shared/javascript/flot-0.8/jquery.flot.resize99ae.html]
[store.steampowered.com/app/427520/Factorio/index8880.html]
[store.steampowered.com/app/427520/Factorio/index27e7.html]
[store.akamai.steamstatic.com/public/shared/javascript/flot-0.8/jquery.flot.time5354.html]
[store.akamai.steamstatic.com/public/shared/javascript/flot-0.8/jquery.flot.selectionb512.html]
[store.steampowered.com/app/427520/Factorio/index9bbe.html]
[store.akamai.steamstatic.com/public/javascript/maine43d.js]
[store.akamai.steamstatic.com/public/shared/javascript/shared_globalbd4b.js]
[store.akamai.steamstatic.com/public/javascript/gamehighlightplayerb74e.js]
[store.akamai.steamstatic.com/public/shared/javascript/user_reviewse49a.js]
[store.akamai.steamstatic.com/public/javascript/dynamicstoreb6bb.js]
[store.akamai.steamstatic.com/public/shared/javascript/dselect0c19.js]
[store.steampowered.com/feeds/daily_deals.xml]
[cdn.edgecast.steamstatic.com/steamcommunity/public/images/apps/427520/267f5a89f36ab287e600a4e7d4e73d3d11f0fd7d.jpg]
[store.akamai.steamstatic.com/public/shared/javascript/shared_responsive_adapter53d2.js]
[store.akamai.steamstatic.com/public/javascript/app_taggingca69.js]
[store.akamai.steamstatic.com/public/javascript/game3834.js]
[cdn.akamai.steamstatic.com/steamcommunity/public/images/apps/427520/ddacb79c8a22d4a469e0da06442f41d4ac5a0630.jpg]
[cdn.akamai.steamstatic.com/steamcommunity/public/images/apps/427520/f0a2c0634a0603940c119c2c3afc781e253076d4.jpg]
[store.steampowered.com/app/427520/Factorio/index6b79.html]
[store.steampowered.com/app/427520/Factorio/index0ab2.html]
[cdn.akamai.steamstatic.com/steamcommunity/public/images/apps/427520/bbf8161991f25ee031eb5ab3756697810a8a7d41.jpg]
[store.akamai.steamstatic.com/public/shared/javascript/shared_globalc0db.js]
[store.akamai.steamstatic.com/public/javascript/main9edd.js]
[store.akamai.steamstatic.com/public/javascript/dynamicstore8ff4.js]
[store.akamai.steamstatic.com/public/javascript/gamehighlightplayeraff7.js]
[store.akamai.steamstatic.com/public/shared/javascript/user_reviews833d.js]
[store.akamai.steamstatic.com/public/shared/javascript/dselect712c.js]
[store.akamai.steamstatic.com/public/javascript/app_tagging5cc1.js]
[cdn.akamai.steamstatic.com/steamcommunity/public/images/apps/427520/faee0ff18317271e413623fe5d51ab4660448f0f.jpg]
[store.akamai.steamstatic.com/public/shared/javascript/shared_responsive_adapterdb58.js]
[store.akamai.steamstatic.com/public/javascript/game25be.js]
[cdn.akamai.steamstatic.com/steamcommunity/public/images/apps/427520/b6d4b65d2bfe61357c7014188dcc90e755e94502.jpg]
[store.steampowered.com/app/427520/Factorio/index6795.html]
[cdn.akamai.steamstatic.com/steamcommunity/public/images/apps/427520/b82422f00249e3fb07bc897bf7c97b038860b31b.jpg]
[store.akamai.steamstatic.com/public/shared/javascript/shared_globala821.js]
[store.akamai.steamstatic.com/public/javascript/gamehighlightplayer6d4a.js]
[store.akamai.steamstatic.com/public/javascript/dynamicstored607.js]
[store.akamai.steamstatic.com/public/javascript/main18e4.js]
[store.akamai.steamstatic.com/public/shared/javascript/user_reviewsd427.js]
[store.akamai.steamstatic.com/public/shared/javascript/dselectb495.js]
[store.akamai.steamstatic.com/public/javascript/app_tagging2121.js]
[store.akamai.steamstatic.com/public/javascript/game2e77.js]
[store.akamai.steamstatic.com/public/shared/javascript/shared_responsive_adapterab40.js]
[cdn.akamai.steamstatic.com/steamcommunity/public/images/apps/427520/078a581a194dee4898a17a336bae7e0fffcad07d.jpg]
[cdn.akamai.steamstatic.com/steamcommunity/public/images/apps/427520/424fc89b3d77a1f0f629a9319a01a496ddb4ca3e.jpg]
[store.steampowered.com/app/427520/Factorio/indexca9a.html]
[cdn.akamai.steamstatic.com/steamcommunity/public/images/apps/427520/977c7ae92d2d5293aceb718260651571044c1113.jpg]
[store.akamai.steamstatic.com/public/shared/javascript/shared_global52b6.js]
[store.akamai.steamstatic.com/public/javascript/main4a42.js]
[store.akamai.steamstatic.com/public/javascript/dynamicstore31ec.js]
[store.akamai.steamstatic.com/public/javascript/gamehighlightplayere1ea.js]
[store.akamai.steamstatic.com/public/shared/javascript/user_reviews212c.js]
[store.akamai.steamstatic.com/public/shared/javascript/dselect66c1.js]
[store.akamai.steamstatic.com/public/javascript/app_tagging019b.js]
[store.akamai.steamstatic.com/public/javascript/game33b6.js]
[store.akamai.steamstatic.com/public/shared/javascript/shared_responsive_adapter1d7c.js]
[cdn.akamai.steamstatic.com/steamcommunity/public/images/apps/427520/aa8705e3bdcf91610f5e9e5974962bf2a3435414.jpg]
[store.steampowered.com/app/427520/Factorio/index0554.html]
[cdn.akamai.steamstatic.com/steamcommunity/public/images/apps/427520/6bc2678ea3e3fdda50f9be4030c2ae18ac6f3824.jpg]
[store.akamai.steamstatic.com/public/shared/javascript/shared_globalc100.js]
[store.akamai.steamstatic.com/public/javascript/gamehighlightplayerfa88.js]
[store.akamai.steamstatic.com/public/javascript/main79ae.js]
[store.akamai.steamstatic.com/public/javascript/dynamicstore0b62.js]
[store.akamai.steamstatic.com/public/shared/javascript/user_reviews7402.js]
[store.akamai.steamstatic.com/public/shared/javascript/dselect4ea7.js]
[store.akamai.steamstatic.com/public/javascript/app_taggingc820.js]
[store.akamai.steamstatic.com/public/javascript/game9d2a.js]
[store.akamai.steamstatic.com/public/shared/javascript/shared_responsive_adaptercba7.js]
[cdn.akamai.steamstatic.com/steamcommunity/public/images/apps/427520/24f17b5a24ddbbec90233e09c22b0a81e0c43a52.jpg]
[cdn.akamai.steamstatic.com/steamcommunity/public/images/apps/427520/5dec471fa54962e01022cbaba7b363d95a75af92.jpg]
[store.steampowered.com/app/427520/Factorio/index187a.html]
[cdn.akamai.steamstatic.com/steamcommunity/public/images/apps/427520/94b991a87d1c3daf3c91f9294f337ae68f7e112d.jpg]
[store.akamai.steamstatic.com/public/javascript/gamehighlightplayercef6.js]
[store.akamai.steamstatic.com/public/javascript/dynamicstorefde7.js]
[store.akamai.steamstatic.com/public/shared/javascript/user_reviews2636.js]
[store.akamai.steamstatic.com/public/javascript/maine12f.js]
[store.akamai.steamstatic.com/public/shared/javascript/shared_globaldfba.js]
[store.akamai.steamstatic.com/public/shared/javascript/dselect9056.js]
[store.akamai.steamstatic.com/public/javascript/app_tagging8494.js]
[store.akamai.steamstatic.com/public/shared/javascript/shared_responsive_adapter2e2c.js]
[cdn.akamai.steamstatic.com/steamcommunity/public/images/apps/427520/718bb88092dbf7f5208f296754ab77118874935a.jpg]
[store.akamai.steamstatic.com/public/javascript/game400e.js]
[store.steampowered.com/app/427520/Factorio/indexedce.html]
[cdn.akamai.steamstatic.com/steamcommunity/public/images/apps/427520/4842d765a15cc41bf63b61d7c0d8ff782ae324f0.jpg]
[store.akamai.steamstatic.com/public/javascript/gamehighlightplayer6639.js]
[store.akamai.steamstatic.com/public/shared/javascript/shared_global8b39.js]
[store.akamai.steamstatic.com/public/javascript/dynamicstored078.js]
[store.akamai.steamstatic.com/public/javascript/mainb1dd.js]
[store.akamai.steamstatic.com/public/shared/javascript/user_reviews389a.js]
[store.akamai.steamstatic.com/public/shared/javascript/dselect4d83.js]
[store.akamai.steamstatic.com/public/javascript/app_tagging978c.js]
[store.akamai.steamstatic.com/public/javascript/game1ca3.js]
[cdn.akamai.steamstatic.com/steamcommunity/public/images/apps/427520/f3dc65775ed65768dc8135778379eb57612fa8d9.jpg]
[store.akamai.steamstatic.com/public/shared/javascript/shared_responsive_adapter13a8.js]
[cdn.akamai.steamstatic.com/steamcommunity/public/images/apps/427520/08db148a588d89cb1e22747c7c92d6de53cc83e0.jpg]
[store.steampowered.com/app/427520/Factorio/index48bb.html]
[cdn.akamai.steamstatic.com/steamcommunity/public/images/apps/427520/7b94b0944b2b51f4798a237616d223588460cdaf.jpg]
[store.akamai.steamstatic.com/public/javascript/gamehighlightplayer42f6.js]
[store.akamai.steamstatic.com/public/javascript/dynamicstored14d.js]
[store.akamai.steamstatic.com/public/javascript/main5df6.js]
[store.akamai.steamstatic.com/public/shared/javascript/user_reviewsa5ee.js]
[store.akamai.steamstatic.com/public/shared/javascript/shared_globald48e.js]
[store.akamai.steamstatic.com/public/shared/javascript/dselect3ed2.js]
[store.akamai.steamstatic.com/public/javascript/app_taggingaff8.js]
[store.steampowered.com/app/427520/Factorio/indexc71c.html]
[cdn.akamai.steamstatic.com/steamcommunity/public/images/apps/427520/f809f9ea3ffc4c72e6877685ed1bbf125681cd83.jpg]
[store.akamai.steamstatic.com/public/javascript/gamee5ca.js]
[store.akamai.steamstatic.com/public/shared/javascript/shared_responsive_adapter17e8.js]
[store.akamai.steamstatic.com/public/javascript/gamehighlightplayera871.js]
[store.akamai.steamstatic.com/public/javascript/dynamicstoreddcc.js]
[store.akamai.steamstatic.com/public/javascript/main3811.js]
[store.akamai.steamstatic.com/public/shared/javascript/shared_globalf7d2.js]
[store.akamai.steamstatic.com/public/shared/javascript/user_reviews9bd5.js]
[store.akamai.steamstatic.com/public/shared/javascript/dselectdfcb.js]
[store.akamai.steamstatic.com/public/javascript/app_tagging8a53.js]
[store.akamai.steamstatic.com/public/javascript/game1557.js]
[store.akamai.steamstatic.com/public/shared/javascript/shared_responsive_adapter2eeb.js]
[store.steampowered.com/app/427520/Factorio/index4eac.html]
[cdn.akamai.steamstatic.com/steamcommunity/public/images/apps/427520/a693428207d6750457cd4df293b41e8013882e0f.jpg]
[store.akamai.steamstatic.com/public/javascript/gamehighlightplayer7831.js]
[store.akamai.steamstatic.com/public/javascript/mainc69d.js]
[store.akamai.steamstatic.com/public/shared/javascript/user_reviewsae27.js]
[store.akamai.steamstatic.com/public/shared/javascript/shared_global6868.js]
[store.akamai.steamstatic.com/public/javascript/dynamicstorec158.js]
[store.akamai.steamstatic.com/public/shared/javascript/dselectd6e2.js]
[store.akamai.steamstatic.com/public/javascript/app_tagging71cb.js]
[store.steampowered.com/app/427520/Factorio/index037b.html]
[cdn.akamai.steamstatic.com/steamcommunity/public/images/apps/427520/39ca8823f562502d3bd1e4b5c7f43fb19ab41cbb.jpg]
[store.akamai.steamstatic.com/public/javascript/game7b03.js]
[store.akamai.steamstatic.com/public/shared/javascript/shared_responsive_adapter43f6.js]
[store.akamai.steamstatic.com/public/javascript/gamehighlightplayere395.js]
[store.akamai.steamstatic.com/public/shared/javascript/shared_global898d.js]
[store.akamai.steamstatic.com/public/javascript/maina226.js]
[store.akamai.steamstatic.com/public/javascript/dynamicstore3fa9.js]
[store.akamai.steamstatic.com/public/shared/javascript/user_reviews15e5.js]
[store.akamai.steamstatic.com/public/shared/javascript/dselectc486.js]
[store.akamai.steamstatic.com/public/javascript/app_tagging5da4.js]
[store.akamai.steamstatic.com/public/javascript/gamefaa8.js]
[store.akamai.steamstatic.com/public/shared/javascript/shared_responsive_adapteraf5d.js]
[store.steampowered.com/app/427520/Factorio/index4e79.html]
[cdn.akamai.steamstatic.com/steamcommunity/public/images/apps/427520/5c80ba3e561b22bcedf2aaa52d9724252234df09.jpg]
[store.akamai.steamstatic.com/public/javascript/gamehighlightplayer5d30.js]
[store.akamai.steamstatic.com/public/shared/javascript/shared_global08d1.js]
[store.akamai.steamstatic.com/public/javascript/dynamicstorefc20.js]
[store.akamai.steamstatic.com/public/shared/javascript/user_reviewsfae5.js]
[store.akamai.steamstatic.com/public/javascript/main370b.js]
[store.akamai.steamstatic.com/public/shared/javascript/dselect3cca.js]
[store.akamai.steamstatic.com/public/javascript/app_tagging1317.js]
[store.akamai.steamstatic.com/public/javascript/gameec12.js]
[cdn.akamai.steamstatic.com/steamcommunity/public/images/apps/427520/794f58315a608b0e86a889a0fb850f693d39eedc.jpg]
[store.akamai.steamstatic.com/public/shared/javascript/shared_responsive_adapter32e5.js]
[store.steampowered.com/app/427520/Factorio/indexa7a9.html]
[cdn.akamai.steamstatic.com/steamcommunity/public/images/apps/427520/975a4bf140704ae458434ba1034858bcbc451340.jpg]
[store.akamai.steamstatic.com/public/javascript/gamehighlightplayerf53a.js]
[store.akamai.steamstatic.com/public/javascript/dynamicstore1cab.js]
[store.akamai.steamstatic.com/public/javascript/mainb5e8.js]
[store.akamai.steamstatic.com/public/shared/javascript/shared_global7bf7.js]
[store.akamai.steamstatic.com/public/shared/javascript/user_reviewsf337.js]
[store.akamai.steamstatic.com/public/shared/javascript/dselect99ec.js]
[store.akamai.steamstatic.com/public/javascript/app_tagging1394.js]
[store.akamai.steamstatic.com/public/javascript/gamea189.js]
[store.steampowered.com/app/427520/Factorio/index3d9d.html]
[cdn.akamai.steamstatic.com/steamcommunity/public/images/apps/427520/fd8982a6b9ada7ea85536c869ad78bf690330e4c.jpg]
[store.akamai.steamstatic.com/public/shared/javascript/shared_responsive_adapter0607.js]
[store.akamai.steamstatic.com/public/javascript/gamehighlightplayereb53.js]
[store.akamai.steamstatic.com/public/javascript/dynamicstorea81e.js]
[store.akamai.steamstatic.com/public/shared/javascript/user_reviews27e6.js]
[store.akamai.steamstatic.com/public/javascript/mainb2bc.js]
[store.akamai.steamstatic.com/public/shared/javascript/shared_globala052.js]
[store.akamai.steamstatic.com/public/shared/javascript/dselect8759.js]
[store.akamai.steamstatic.com/public/javascript/app_taggingf292.js]
[store.steampowered.com/app/427520/Factorio/index03c3.html]
[store.akamai.steamstatic.com/public/shared/javascript/shared_responsive_adapter41e4.js]
[store.akamai.steamstatic.com/public/javascript/game83e1.js]
[store.akamai.steamstatic.com/public/javascript/dynamicstoreecc9.js]
[store.akamai.steamstatic.com/public/javascript/gamehighlightplayer2dcf.js]
[store.akamai.steamstatic.com/public/javascript/main753f.js]
[store.akamai.steamstatic.com/public/shared/javascript/shared_global1fd4.js]
[store.akamai.steamstatic.com/public/shared/javascript/user_reviews2f75.js]
[store.akamai.steamstatic.com/public/shared/javascript/dselectb0c2.js]
[store.akamai.steamstatic.com/public/javascript/app_taggingca45.js]
[store.akamai.steamstatic.com/public/javascript/game3507.js]
[store.steampowered.com/app/427520/Factorio/index463f.html]
[store.akamai.steamstatic.com/public/shared/javascript/shared_responsive_adapterf80e.js]
[store.akamai.steamstatic.com/public/javascript/gamehighlightplayerd08d.js]
[store.akamai.steamstatic.com/public/shared/javascript/user_reviews17d1.js]
[store.akamai.steamstatic.com/public/javascript/dynamicstore1f69.js]
[store.akamai.steamstatic.com/public/javascript/main2da3.js]
[store.akamai.steamstatic.com/public/shared/javascript/shared_globalf7c9.js]
[store.akamai.steamstatic.com/public/shared/javascript/dselect7dac.js]
[store.akamai.steamstatic.com/public/javascript/app_taggingd71f.js]
[store.akamai.steamstatic.com/public/shared/javascript/shared_responsive_adapter5476.js]
[store.steampowered.com/app/427520/Factorio/index22f9.html]
[cdn.akamai.steamstatic.com/steamcommunity/public/images/apps/427520/4aa692f82b521a76f74407a748e45ddf3879f600.jpg]
[store.akamai.steamstatic.com/public/javascript/game0704.js]
[store.akamai.steamstatic.com/public/javascript/gamehighlightplayer4928.js]
[store.akamai.steamstatic.com/public/shared/javascript/user_reviews4191.js]
[store.akamai.steamstatic.com/public/javascript/dynamicstore1a66.js]
[store.akamai.steamstatic.com/public/javascript/mainbdda.js]
[store.akamai.steamstatic.com/public/shared/javascript/dselect314d.js]
[store.akamai.steamstatic.com/public/shared/javascript/shared_global0147.js]
[store.akamai.steamstatic.com/public/javascript/app_taggingdd65.js]
[store.steampowered.com/app/427520/Factorio/indexa1a8.html]
[store.akamai.steamstatic.com/public/shared/javascript/shared_responsive_adapteraea2.js]
[store.akamai.steamstatic.com/public/javascript/gamee0eb.js]
[store.akamai.steamstatic.com/public/javascript/gamehighlightplayer342f.js]
[store.akamai.steamstatic.com/public/javascript/dynamicstore6225.js]
[store.akamai.steamstatic.com/public/javascript/mainc086.js]
[store.akamai.steamstatic.com/public/shared/javascript/user_reviews7405.js]
[store.akamai.steamstatic.com/public/shared/javascript/shared_global4cec.js]
[store.akamai.steamstatic.com/public/shared/javascript/dselect712c-2.js]
[store.akamai.steamstatic.com/public/javascript/app_tagging5fa2.js]
[store.steampowered.com/app/427520/Factorio/index08d8.html]
[store.akamai.steamstatic.com/public/javascript/game56f1.js]
[store.akamai.steamstatic.com/public/shared/javascript/shared_responsive_adapter8b77.js]
[store.akamai.steamstatic.com/public/javascript/gamehighlightplayera379.js]
[store.akamai.steamstatic.com/public/shared/javascript/user_reviewsbf3c.js]
[store.akamai.steamstatic.com/public/javascript/dynamicstore9e0c.js]
[store.akamai.steamstatic.com/public/javascript/mainbad0.js]
[store.akamai.steamstatic.com/public/shared/javascript/dselect7779.js]
[store.akamai.steamstatic.com/public/shared/javascript/shared_global90d7.js]
[store.akamai.steamstatic.com/public/javascript/game2a0d.js]
[store.akamai.steamstatic.com/public/javascript/app_taggingc32c.js]
[store.akamai.steamstatic.com/public/shared/javascript/shared_responsive_adapter882e.js]
[cdn.steamstatic.com.8686c.com/steamcommunity/public/images/apps/427520/267f5a89f36ab287e600a4e7d4e73d3d11f0fd7d.jpg]
[store.steampowered.com/app/427520/Factorio/indexdbed.html]
[cdn.akamai.steamstatic.com/steamcommunity/public/images/apps/427520/1f1528f292a3820e5b5971c680efc50ad20e8320.jpg]
[store.akamai.steamstatic.com/public/shared/javascript/shared_globala8f8.js]
[store.akamai.steamstatic.com/public/shared/javascript/user_reviews90e4.js]
[store.akamai.steamstatic.com/public/javascript/dynamicstore64d6.js]
[store.akamai.steamstatic.com/public/javascript/gamehighlightplayer8ba4.js]
[store.akamai.steamstatic.com/public/shared/javascript/dselectd5b2.js]
[store.akamai.steamstatic.com/public/javascript/main4fca.js]
[store.akamai.steamstatic.com/public/javascript/app_tagging89f0.js]
[store.steampowered.com/app/427520/Factorio/indexf125.html]
[cdn.akamai.steamstatic.com/steamcommunity/public/images/apps/427520/a30c3b6a652f946fbbbdecb2c4dcb755f8d9d2b0.jpg]
[store.akamai.steamstatic.com/public/shared/javascript/shared_responsive_adapterec1d.js]
[store.akamai.steamstatic.com/public/javascript/game35b7.js]
[store.akamai.steamstatic.com/public/javascript/gamehighlightplayer0862.js]
[store.akamai.steamstatic.com/public/javascript/dynamicstore2c24.js]
[store.akamai.steamstatic.com/public/javascript/main2f01.js]
[store.akamai.steamstatic.com/public/shared/javascript/shared_global5d66.js]
[store.akamai.steamstatic.com/public/shared/javascript/user_reviews68b6.js]
[store.akamai.steamstatic.com/public/shared/javascript/dselectfa09.js]
[store.akamai.steamstatic.com/public/javascript/app_tagging99c1.js]
[store.steampowered.com/app/427520/Factorio/indexdfac.html]
[store.akamai.steamstatic.com/public/javascript/gameda61.js]
[store.akamai.steamstatic.com/public/shared/javascript/shared_responsive_adapterc01f.js]
[store.akamai.steamstatic.com/public/javascript/gamehighlightplayerd887.js]
[store.akamai.steamstatic.com/public/javascript/main2bae.js]
[store.akamai.steamstatic.com/public/javascript/dynamicstore9dc9.js]
[store.akamai.steamstatic.com/public/shared/javascript/user_reviews0055.js]
[store.akamai.steamstatic.com/public/shared/javascript/shared_global4357.js]
[store.akamai.steamstatic.com/public/shared/javascript/dselect89df.js]
[store.akamai.steamstatic.com/public/javascript/app_taggingcedd.js]
[store.akamai.steamstatic.com/public/javascript/game364b.js]
[store.steampowered.com/app/427520/Factorio/index7a60.html]
[store.akamai.steamstatic.com/public/shared/javascript/shared_responsive_adapteracd0.js]
[store.akamai.steamstatic.com/public/javascript/gamehighlightplayer2263.js]
[store.akamai.steamstatic.com/public/javascript/dynamicstore188d.js]
[store.akamai.steamstatic.com/public/javascript/main21c7.js]
[store.akamai.steamstatic.com/public/shared/javascript/shared_globalb3c0.js]
[store.akamai.steamstatic.com/public/shared/javascript/user_reviews61ea.js]
[store.akamai.steamstatic.com/public/shared/javascript/dselectcf38.js]
[store.akamai.steamstatic.com/public/javascript/app_tagging9b7f.js]
[store.akamai.steamstatic.com/public/javascript/game8ce4.js]
[store.steampowered.com/app/427520/Factorio/index8880.html]
[store.akamai.steamstatic.com/public/shared/javascript/shared_responsive_adapterea43.js]
[store.akamai.steamstatic.com/public/javascript/gamehighlightplayer265d.js]
[store.akamai.steamstatic.com/public/javascript/dynamicstore90d3.js]
[store.akamai.steamstatic.com/public/javascript/mainbde8.js]
[store.akamai.steamstatic.com/public/shared/javascript/user_reviews7e87.js]
[store.akamai.steamstatic.com/public/shared/javascript/shared_global33f7.js]
[store.akamai.steamstatic.com/public/shared/javascript/dselect6185.js]
[store.akamai.steamstatic.com/public/javascript/app_tagging3918.js]
[store.steampowered.com/app/427520/Factorio/index27e7.html]
[store.akamai.steamstatic.com/public/javascript/gamedd3d.js]
[store.akamai.steamstatic.com/public/shared/javascript/shared_responsive_adapter81ce.js]
[store.akamai.steamstatic.com/public/javascript/gamehighlightplayer2e2a.js]
[store.akamai.steamstatic.com/public/javascript/dynamicstorea4af.js]
[store.akamai.steamstatic.com/public/javascript/main3233.js]
[store.akamai.steamstatic.com/public/shared/javascript/user_reviews6cd4.js]
[store.akamai.steamstatic.com/public/shared/javascript/shared_global2910.js]
[store.akamai.steamstatic.com/public/shared/javascript/dselecte3f8.js]
[store.akamai.steamstatic.com/public/javascript/app_taggingdbb7.js]
[store.akamai.steamstatic.com/public/javascript/gamee73b.js]
[store.akamai.steamstatic.com/public/shared/javascript/shared_responsive_adaptera5d6.js]
[store.steampowered.com/app/427520/Factorio/index9bbe.html]
[cdn.akamai.steamstatic.com/steamcommunity/public/images/apps/427520/129ce8cf35015e74aa2977183ddd490e7ca1673d.jpg]
[cdn.akamai.steamstatic.com/steamcommunity/public/images/apps/427520/545caae09a11e1d2781d034c5e82b2cb517adcfb.jpg]
[store.steampowered.com/app/427520/Factorio/index6b79.html]
[cdn.akamai.steamstatic.com/steamcommunity/public/images/apps/427520/492e4cb50ed1b14aedeb961bcb49e08587693392.jpg]
